> Task :app:checkKotlinGradlePluginConfigurationErrors SKIPPED
> Task :app:preBuild UP-TO-DATE
> Task :app:preDebugBuild UP-TO-DATE
> Task :app:checkDebugAarMetadata UP-TO-DATE
> Task :app:processDebugNavigationResources UP-TO-DATE
> Task :app:compileDebugNavigationResources UP-TO-DATE
> Task :app:generateDebugResValues UP-TO-DATE
> Task :app:mapDebugSourceSetPaths UP-TO-DATE
> Task :app:generateDebugResources UP-TO-DATE
> Task :app:mergeDebugResources UP-TO-DATE
> Task :app:packageDebugResources UP-TO-DATE
> Task :app:parseDebugLocalResources UP-TO-DATE
> Task :app:createDebugCompatibleScreenManifests UP-TO-DATE
> Task :app:extractDeepLinksDebug UP-TO-DATE
> Task :app:processDebugMainManifest UP-TO-DATE
> Task :app:processDebugManifest UP-TO-DATE
> Task :app:processDebugManifestForPackage UP-TO-DATE
> Task :app:processDebugResources UP-TO-DATE
> Task :app:kspDebugKotlin UP-TO-DATE
> Task :app:compileDebugKotlin
.\gradlew : e: file:///D:/android/workmat
e-bou/app/src/main/java/com/moshitech/wor
kmate/feature/imagestudio/components/Text
BoxComposable.kt:338:32 Cannot infer 
type for this parameter. Please specify 
it explicitly.
At line:1 char:1
+ .\gradlew compileDebugKotlin > 
compile.log 2>&1
+ ~~~~~~~~~~~~~~~~~~~~~~~~~~~~~~~~~~~~~~~
~~~~~~~~
    + CategoryInfo          : NotSpecifi 
   ed: (e: file:///D:/a... it explicitl  
  y.:String) [], RemoteException
    + FullyQualifiedErrorId : NativeComm 
   andError
 
e: file:///D:/android/workmate-bou/app/sr
c/main/java/com/moshitech/workmate/featur
e/imagestudio/components/TextBoxComposabl
e.kt:338:32 Not enough information to 
infer type argument for 'T'.
e: file:///D:/android/workmate-bou/app/sr
c/main/java/com/moshitech/workmate/featur
e/imagestudio/components/TextBoxComposabl
e.kt:338:37 Unresolved reference 
'density'.
e: file:///D:/android/workmate-bou/app/sr
c/main/java/com/moshitech/workmate/featur
e/imagestudio/components/TextBoxComposabl
e.kt:338:46 Cannot infer type for this 
parameter. Please specify it explicitly.
e: file:///D:/android/workmate-bou/app/sr
c/main/java/com/moshitech/workmate/featur
e/imagestudio/components/TextBoxComposabl
e.kt:338:63 Unresolved reference 'toSp'.
e: file:///D:/android/workmate-bou/app/sr
c/main/java/com/moshitech/workmate/featur
e/imagestudio/components/TextBoxComposabl
e.kt:368:34 Cannot infer type for this 
parameter. Please specify it explicitly.
e: file:///D:/android/workmate-bou/app/sr
c/main/java/com/moshitech/workmate/featur
e/imagestudio/components/TextBoxComposabl
e.kt:368:34 Not enough information to 
infer type argument for 'T'.
e: file:///D:/android/workmate-bou/app/sr
c/main/java/com/moshitech/workmate/featur
e/imagestudio/components/TextBoxComposabl
e.kt:368:39 Unresolved reference 
'density'.
e: file:///D:/android/workmate-bou/app/sr
c/main/java/com/moshitech/workmate/featur
e/imagestudio/components/TextBoxComposabl
e.kt:368:48 Cannot infer type for this 
parameter. Please specify it explicitly.
e: file:///D:/android/workmate-bou/app/sr
c/main/java/com/moshitech/workmate/featur
e/imagestudio/components/TextBoxComposabl
e.kt:368:86 Unresolved reference 'toSp'.
e: file:///D:/android/workmate-bou/app/sr
c/main/java/com/moshitech/workmate/featur
e/imagestudio/components/TextBoxComposabl
e.kt:407:52 Unresolved reference 
'density'.
e: file:///D:/android/workmate-bou/app/sr
c/main/java/com/moshitech/workmate/featur
e/imagestudio/components/TextBoxComposabl
e.kt:414:52 Unresolved reference 
'density'.
e: file:///D:/android/workmate-bou/app/sr
c/main/java/com/moshitech/workmate/featur
e/imagestudio/components/TextBoxComposabl
e.kt:428:44 Unresolved reference 
'density'.

> Task :app:compileDebugKotlin FAILED

FAILURE: Build failed with an exception.

* What went wrong:
Execution failed for task 
':app:compileDebugKotlin'.
> A failure occurred while executing org.
jetbrains.kotlin.compilerRunner.GradleCom
pilerRunnerWithWorkers$GradleKotlinCompil
erWorkAction
   > Compilation error. See log for more 
details

* Try:
> Run with --stacktrace option to get 
the stack trace.
> Run with --info or --debug option to 
get more log output.
> Run with --scan to get full insights.
> Get more help at 
https://help.gradle.org.

BUILD FAILED in 1m 17s
17 actionable tasks: 1 executed, 16 up-to-date
